---
source: src/ui/render_tests.rs
expression: draw(&a).backend()
---
" PROJECTS                   │                                                                       "
"▐▾ api                      │                                                                       "
"   ◉ fix-login              │                                                                       "
"   ◆ rate-limit             │       ┌ Add project ─────────────────────────────────────────┐        "
"   ○ docs-update            │       │  ~/Workspace/                                  15/35 │        "
" ▾ lisa                     │       │  › ▏                                                 │        "
"   no worktrees · n         │       │                                                      │        "
" ▾ web                      │       │    ● service-02                                      │        "
"   ✔ new-checkout           │       │    ● service-03                                      │        "
"                            │       │    ● service-04                                      │        "
"                            │       │    ● service-05                                      │        "
"                            │       │    ● service-06                                      │        "
"                            │       │    ● service-07                                      │        "
"                            │       │    ● service-08                                      │        "
"                            │       │    ● service-09                                      │        "
"                            │       │    ● service-10                                      │        "
"                            │       │  ▐ ● service-11                                      │        "
"                            │       │                                                      │        "
"                            │       │  ⏎ add · → open · ^n new group · esc cancel          │        "
"                            │       └──────────────────────────────────────────────────────┘        "
"                            │                                                                       "
"                            │                                                                       "
"                            │                                                                       "
"                                                                                                    "
