---
source: src/ui/render_tests.rs
expression: draw(&a).backend()
---
" PROJECTS                   │                                                                       "
"▐▾ api                      │                                                                       "
"   ◉ fix-login              │       ┌ New worktree in api ─────────────────────────────────┐        "
"   ◆ rate-limit             │       │  Name    fix-login-redirect                          │        "
"   ○ docs-update            │       │          branch: fix-login-redirect                  │        "
" ▾ lisa                     │       │                                                      │        "
"   no worktrees · n         │       │  Task    Fix the redirect loop on login when the     │        "
" ▾ web                      │       │          session cookie has expired                  │        "
"   ✔ new-checkout           │       │          no TYPESAFE_API_KEY · choosing manually     │        "
"                            │       │                                                      │        "
"                            │       │› Agent   ● claude                                    │        "
"                            │       │          ○ opencode  no full autonomy                │        "
"                            │       │          ○ gemini  not installed                     │        "
"                            │       │                                                      │        "
"                            │       │  Model   ‹ default ›                                 │        "
"                            │       │                                                      │        "
"                            │       │  Mode    (•) normal   ( ) full autonomy              │        "
"                            │       │                                                      │        "
"                            │       │  ⏎ create · tab next field · ←→ change · esc cancel  │        "
"                            │       └──────────────────────────────────────────────────────┘        "
"                            │                                                                       "
"                            │                                                                       "
"                            │                                                                       "
"                                                                                                    "
