---
source: src/ui/render_tests.rs
expression: draw(&a).backend()
---
"   │> fix the login redirect                                                    "
" · │⏺ Updating middleware...                                                    "
"▐◉ │✳ Waiting for input                                                         "
" ◆ │                                                                            "
" · │                                                                            "
" · │                                                                            "
" · │                                                                            "
" ✔ │                                                                            "
"   │                                                                            "
"   │                                                                            "
"   │                                                                            "
" b-metric-api/fix-ingest-lag · claude                                  ^a menu  "
