---
source: src/ui/render_tests.rs
expression: draw(&a).backend()
---
" PROJECTS                   │       ┌ New worktree in api · staccato ──────────────────────┐        "
"▐▾ api                      │       │  Jev suggests claude · opus · high · 86% sure        │        "
"   ◉ fix-login              │       │                                                      │        "
"   ◆ rate-limit             │       │  Agent   ● claude                                    │        "
"   ○ docs-update            │       │          ○ opencode  no full autonomy                │        "
" ▾ lisa                     │       │          ○ gemini  not installed                     │        "
"   no worktrees · n         │       │                                                      │        "
" ▾ web                      │       │› Model   ‹ opus ›   effort ‹ high ›                  │        "
"   ✔ new-checkout           │       │                                                      │        "
"                            │       │  Mode    (•) normal   ( ) full autonomy              │        "
"                            │       │                                                      │        "
"                            │       │  ⏎ create · tab next field · ←→ change · esc cancel  │        "
"                            │       └──────────────────────────────────────────────────────┘        "
"                                                                                                    "
