---
source: src/ui/render_tests.rs
expression: t.backend()
---
" PROJECTS                   │                                                                       "
"▐▾ api                      │                                                                       "
"   ◉ fix-login              │       ┌ Keys ────────────────────────────────────────────────┐        "
"   ◆ rate-limit             │       │  ANYWHERE                                            │        "
"   ○ docs-update            │       │  ^a      switch between the agent and the sidebar    │        "
" ▾ lisa                     │       │  ^a ^a   send ctrl-a to the agent                    │        "
"   no worktrees · n         │       │                                                      │        "
" ▾ web                      │       │  SIDEBAR                                             │        "
"   ✔ new-checkout           │       │  ↑↓ j k  move                                        │        "
"                            │       │  ⏎       open worktree / fold project or group       │        "
"                            │       │  tab     next worktree that needs you                │        "
"                            │       │  n       new worktree in this project or group       │        "
"                            │       │  p       add project or group                        │        "
"                            │       │  e       rename project, group or worktree           │        "
"                            │       │  b       change base branch                          │        "
"                            │       │  d       remove worktree / ungroup                   │        "
"                            │       │  r / s   restart / stop agent                        │        "
"                            │       │  < >     resize the sidebar                          │        "
"                            │       │  q       quit (agents keep running)                  │        "
"                            │       │  Q       stop every agent and quit                   │        "
"                            │       └──────────────────────────────────────────────────────┘        "
"                            │                                                                       "
"                            │                                                                       "
"                                                                                                    "
