---
source: src/ui/render_tests.rs
expression: t.backend()
---
" PROJECTS           │                                                                               "
"▐▾ B-Metric         │                                                                               "
"   ◉ fix-inges… api │                                                                               "
"   ◉ dev-… consumer │                                                                               "
"   ◆ dashboard… web │                                                                               "
" ▾ bloom            │                                                                               "
"   no worktrees · n │                        n starts a worktree in B-Metric                        "
" ▾ lisa             │                                                                               "
"   ✔ sidebar-groups │                                                                               "
"                    │                                                                               "
"                    │                                                                               "
"                    │                                                                               "
"                    │                                                                               "
" ⏎ fold · n new · e rename · d ungroup · ? keys                                                     "
