---
source: src/ui/render_tests.rs
expression: draw(&a).backend()
---
" PROJECTS                   │                                                                       "
"▐▾ api                      │       ┌ New worktree in api ─────────────────────────────────┐        "
"   ◉ fix-login              │       │  Name    fix-login-redirect                          │        "
"   ◆ rate-limit             │       │          branch: fix-login-redirect                  │        "
"   ○ docs-update            │       │  Task    Fix the redirect loop on login when the…    │        "
" ▾ lisa                     │       │  Agent   ● claude  suggested · 86%                   │        "
"   no worktrees · n         │       │          ○ opencode  no full autonomy                │        "
" ▾ web                      │       │          ○ gemini  not installed                     │        "
"   ✔ new-checkout           │       │› Model   ‹ opus ›   effort ‹ high ›                  │        "
"                            │       │  Mode    (•) normal   ( ) full autonomy              │        "
"                            │       │  ⏎ create · tab next field · ←→ change · esc cancel  │        "
"                            │       └──────────────────────────────────────────────────────┘        "
"                            │                                                                       "
"                                                                                                    "
