---
source: src/ui/render_tests.rs
expression: t.backend()
---
" PROJECTS                   │                               "
"▐▾ B-M┌ New worktree in B-Metric · piano ────────────────┐  "
"   ◉ f│› Repo    ‹ api ›  1 of 3                         │  "
"   ◆ d│  Agent   ● claude                                │  "
" ▾ blo│          ○ opencode  no full autonomy            │  "
"   no │          ○ gemini  not installed                 │  "
" ▾ lis│  Model   ‹ default ›                             │  "
"   ✔ s│  Mode    (•) normal   ( ) full autonomy          │  "
"      │  ⏎ create · tab next field · ←→ change · esc     │  "
"      └──────────────────────────────────────────────────┘  "
"                            │                               "
"                                                            "
