---
source: src/ui/render_tests.rs
expression: draw(&a).backend()
---
" PROJECTS                   │> fix the login redirect                                               "
" ▾ api                      │⏺ Updating middleware...                                               "
"▐  ✖ fix-login              │✳ Waiting for input                                                    "
"   ◆ rate-limit             │                                                                       "
"   ○ docs-update            │                                                                       "
" ▾ web                      │                                                                       "
"   ✔ new-checkout           │                                                                       "
" ▾ lisa                     │                                                                       "
"   no worktrees · n         │                                                                       "
"                            │                                                                       "
"                            │ agent exited (code 1) · r restart                                     "
" api/fix-login · claude                                                                    ^a menu  "
