---
source: src/ui/render_tests.rs
expression: t.backend()
---
" PROJECTS                   │                                                                       "
"▐▾ api                      │                                                                       "
"   ◉ fix-login              │                                                                       "
"   ◆ rate-limit             │                                                                       "
"   ○ docs-update            │                                                                       "
" ▾ lisa                     │                                                                       "
"   no worktrees · n         │                                                                       "
" ▾ web                      │       ┌ New worktree in api ─────────────────────────────────┐        "
"   ✔ new-checkout           │       │› Task    Fix the redirect loop on login▏             │        "
"                            │       │                                                      │        "
"                            │       │  ⏎ continue · esc cancel                             │        "
"                            │       └──────────────────────────────────────────────────────┘        "
"                            │                                                                       "
"                            │                                                                       "
"                            │                                                                       "
"                            │                                                                       "
"                            │                                                                       "
"                            │                                                                       "
"                            │                                                                       "
"                                                                                                    "
