---
source: src/ui/render_tests.rs
expression: draw(&a).backend()
---
" PROJECTS                   │                                                                       "
"                            │            LISA                                                       "
"                            │                                                                       "
"                            │            Map projects. Run agents. Stay in the terminal.            "
"                            │                                                                       "
"                            │            p  adds a project or a group                               "
"                            │            ?  shows every key                                         "
"                            │                                                                       "
"                            │                                                     v2.7.0            "
"                            │                                                                       "
"                            │                                                                       "
" p add a project · ? keys · q quit                                                                  "
