---
source: src/ui/render_tests.rs
expression: t.backend()
---
" PROJECTS                   │                                                                       "
" ▾ B-Metric                 │                                                                       "
"▐  ◉ fix-ingest-lag V2▏     │                                                                       "
"   ◆ dashboard-filter   web │                                                                       "
" ▾ bloom                    │                                                                       "
"   no worktrees · n         │                                                                       "
" ▾ lisa                     │                                                                       "
"   ✔ sidebar-groups         │                                                                       "
"                            │                                                                       "
"                            │                                                                       "
"                            │                                                                       "
"                            │                                                                       "
"                            │                                                                       "
" branch: fix-ingest-lag-v2 · ⏎ rename · esc cancel                                                  "
