---
source: src/ui/render_tests.rs
expression: draw(&a).backend()
---
"                                                                       │ PROJECTS                   "
"                                                                       │▐▾ api                      "
"                                                                       │   ◉ fix-login              "
"       ┌ Add project ─────────────────────────────────────────┐        │   ◆ rate-limit             "
"       │  ~/Workspace/                                        │        │   ○ docs-update            "
"       │  › zzz▏                                              │        │ ▾ web                      "
"       │                                                      │        │   ✔ new-checkout           "
"       │  no match                                            │        │ ▾ lisa                     "
"       │                                                      │        │   no worktrees · n         "
"       │                                                      │        │                            "
"       │                                                      │        │                            "
"       │                                                      │        │                            "
"       │                                                      │        │                            "
"       │  ← up · esc cancel                                   │        │                            "
"       └──────────────────────────────────────────────────────┘        │                            "
"                                                                       │                            "
"                                                                       │                            "
"                                                                       │                            "
"                                                                       │                            "
"                                                                                                    "
