---
source: src/ui/render_tests.rs
expression: draw(&a).backend()
---
" PROJECTS                   │                                                                       "
" ▾ api                      │                                                                       "
"▐  ◉ fix-login              │       ┌ Remove worktree ─────────────────────────────────────┐        "
"   ◆ rate-limit             │       │  Remove fix-login?                                   │        "
"   ○ docs-update            │       │  Deletes the worktree and its local branch:          │        "
" ▾ lisa                     │       │  fix-login                                           │        "
"   no worktrees · n         │       │  The remote branch is kept.                          │        "
" ▾ web                      │       │                                                      │        "
"   ✔ new-checkout           │       │  Refused: 2 uncommitted change(s)                    │        "
"                            │       │  f force · esc cancel                                │        "
"                            │       └──────────────────────────────────────────────────────┘        "
"                            │                                                                       "
"                            │                                                                       "
"                                                                                                    "
