---
source: src/ui/render_tests.rs
expression: draw(&a).backend()
---
" PROJECTS                   │                                                                       "
"                            │                                                                       "
"                            │                                                                       "
"                            │                                                                       "
"                            │                            No projects yet                            "
"                            │                                                                       "
"                            │                           p  add a project                            "
"                            │                                                                       "
"                            │                                                                       "
"                            │                                                                       "
"                            │                                                                       "
" p add a project · ? keys · q quit                                                                  "
