---
source: src/ui/render_tests.rs
expression: t.backend()
---
" PROJECTS                   │       ┌ Keys ────────────────────────────────────────────────┐        "
"▐▾ B-Metric                 │       │  ANYWHERE                                            │        "
"   ◉ fix-ingest-lag     api │       │  ^a      switch between the agent and the sidebar    │        "
"   ◆ dashboard-filter   web │       │  ^a ^a   send ctrl-a to the agent                    │        "
" ▾ bloom                    │       │  click   open a row · focus the agent                │        "
"   no worktrees · n         │       │  wheel   move in the sidebar · scroll the agent      │        "
" ▾ lisa                     │       │  ⇧ drag  select text, as your terminal does it       │        "
"   ✔ sidebar-groups         │       │                                                      │        "
"                            │       │  SIDEBAR                                             │        "
"                            │       │  ↑↓ j k  move                                        │        "
"                            │       │  ⏎       open worktree / fold project or group       │        "
"                            │       │  tab     next worktree that needs you                │        "
"                            │       │  n       new worktree in this project or group       │        "
"                            │       │  p       add project or group                        │        "
"                            │       │  e       rename project, group or worktree           │        "
"                            │       │  b       change base branch                          │        "
"                            │       │  d       remove worktree / ungroup                   │        "
"                            │       │  r / s   restart / stop agent                        │        "
"                            │       │  < >     resize the sidebar                          │        "
"                            │       │  q       quit (agents keep running)                  │        "
"                            │       │  Q       stop every agent and quit                   │        "
"                            │       └──────────────────────────────────────────────────────┘        "
"                            │                                                                       "
"                                                                                                    "
