---
source: src/ui/render_tests.rs
expression: draw(&a).backend()
---
" PROJECTS                   │                                                                       "
"▐▾ api                      │                                                                       "
"   ◉ fix-login              │                                                                       "
"   ◆ rate-limit             │       ┌ Add project ─────────────────────────────────────────┐        "
"   ○ docs-update            │       │  ~/Workspace/                                        │        "
" ▾ lisa                     │       │  › glo▏                                              │        "
"   no worktrees · n         │       │                                                      │        "
" ▾ web                      │       │  ▐ ● glowz                                           │        "
"   ✔ new-checkout           │       │    ● glowz-api                                       │        "
"                            │       │                                                      │        "
"                            │       │                                                      │        "
"                            │       │                                                      │        "
"                            │       │                                                      │        "
"                            │       │  ⏎ add · → open · ^n new group · esc cancel          │        "
"                            │       └──────────────────────────────────────────────────────┘        "
"                            │                                                                       "
"                            │                                                                       "
"                            │                                                                       "
"                            │                                                                       "
"                                                                                                    "
