---
source: src/ui/render_tests.rs
expression: draw(&a).backend()
---
" PROJE┌ Add project ─────────────────────────────────────┐  "
"▐▾ api│  ~/Workspace/                               1/35 │  "
"   ◉ f│  › ▏                                             │  "
"   ◆ r│                                                  │  "
"   ○ d│  ▐ ● glowz                                       │  "
" ▾ web│    ● glowz-api                                   │  "
"   ✔ n│    ● lisa                                  added │  "
" ▾ lis│    ● service-00                                  │  "
"   no │                                                  │  "
"      │  ⏎ add · → open · ← up · esc cancel              │  "
"      └──────────────────────────────────────────────────┘  "
"                                                            "
