---
source: src/ui/render_tests.rs
expression: draw(&a).backend()
---
" PROJECTS                   │                                                                       "
"▐▾ api                      │                                                                       "
"   ◉ fix-login              │                                                                       "
"   ◆ rate-limit             │       ┌ Add project ─────────────────────────────────────────┐        "
"   ○ docs-update            │       │  ~/Workspace/                                        │        "
" ▾ lisa                     │       │  › zzz▏                                              │        "
"   no worktrees · n         │       │                                                      │        "
" ▾ web                      │       │  no match                                            │        "
"   ✔ new-checkout           │       │                                                      │        "
"                            │       │                                                      │        "
"                            │       │                                                      │        "
"                            │       │                                                      │        "
"                            │       │                                                      │        "
"                            │       │  ← up · esc cancel                                   │        "
"                            │       └──────────────────────────────────────────────────────┘        "
"                            │                                                                       "
"                            │                                                                       "
"                            │                                                                       "
"                            │                                                                       "
"                                                                                                    "
