---
source: src/ui/render_tests.rs
expression: draw(&a).backend()
---
"> fix the login redirect                                                    │   "
"⏺ Updating middleware...                                                    │ · "
"✳ Waiting for input                                                         │▐◉ "
"                                                                            │ ◆ "
"                                                                            │ ○ "
"                                                                            │ · "
"                                                                            │ ✔ "
"                                                                            │ · "
"                                                                            │ · "
"                                                                            │   "
"                                                                            │   "
" api/fix-login · claude                                                ^a menu  "
