---
source: src/ui/render_tests.rs
expression: draw(&a).backend()
---
" PROJECTS                   │                                                                       "
"▐▾ api                      │                                                                       "
"   ◉ fix-login              │                                                                       "
"   ◆ rate-limit             │       ┌ New worktree in api ─────────────────────────────────┐        "
"   ○ docs-update            │       │  Name    staccato                                    │        "
" ▾ lisa                     │       │          branch: staccato · auto                     │        "
"   no worktrees · n         │       │                                                      │        "
" ▾ web                      │       │› Task    segunda linha: validar também o fluxo de    │        "
"   ✔ new-checkout           │       │          reenvio e a paginação da listagem de        │        "
"                            │       │          pedidos▏                                    │        "
"                            │       │                                                      │        "
"                            │       │  Agent   ● claude                                    │        "
"                            │       │          ○ opencode  no full autonomy                │        "
"                            │       │          ○ gemini  not installed                     │        "
"                            │       │                                                      │        "
"                            │       │  Model   ‹ default ›                                 │        "
"                            │       │                                                      │        "
"                            │       │  Mode    (•) normal   ( ) full autonomy              │        "
"                            │       │                                                      │        "
"                            │       │  ⏎ create · tab next field · ←→ change · esc cancel  │        "
"                            │       └──────────────────────────────────────────────────────┘        "
"                            │                                                                       "
"                            │                                                                       "
"                            │                                                                       "
"                            │                                                                       "
"                                                                                                    "
