---
source: src/ui/render_tests.rs
expression: t.backend()
---
" PROJECTS                   │                                                                       "
"▐▾ B-Metric                 │                                                                       "
"   ◉ fix-ingest-lag     api │            LISA                                                       "
"   ◉ dev-2368-ati… consumer │                                                                       "
"   ◆ dashboard-filter   web │            Map projects. Run agents. Stay in the terminal.            "
" ▾ bloom                    │                                                                       "
"   no worktrees · n         │            n  starts a worktree in B-Metric                           "
" ▾ lisa                     │            p  adds a project or a group                               "
"   ✔ sidebar-groups         │            ?  shows every key                                         "
"                            │                                                                       "
"                            │            1 needs you · 2 working · 1 done         v0.0.0            "
"                            │                                                                       "
"                            │                                                                       "
" ⏎ fold · n new · e rename · d ungroup · ? keys                                                     "
