---
source: src/ui/render_tests.rs
expression: draw(&a).backend()
---
" PROJECTS                   │                                                                       "
"▐▾ api                      │                                                                       "
"   ◉ fix-login              │                                                                       "
"   ◆ rate-limit             │                                                                       "
"   ○ docs-update            │                                                                       "
" ▾ lisa                     │       ┌ New worktree in api · staccato ──────────────────────┐        "
"   no worktrees · n         │       │  Jev suggests claude · fable · high · 90% sure       │        "
" ▾ web                      │       │                                                      │        "
"   ✔ new-checkout           │       │› Agent   ● claude                                    │        "
"                            │       │          ○ opencode  no full autonomy                │        "
"                            │       │          ○ gemini  not installed                     │        "
"                            │       │                                                      │        "
"                            │       │  Model   ‹ fable ›   effort ‹ high ›                 │        "
"                            │       │          fable may bill usage credits                │        "
"                            │       │                                                      │        "
"                            │       │  Mode    (•) normal   ( ) full autonomy              │        "
"                            │       │                                                      │        "
"                            │       │  ⏎ create · tab next field · ←→ change · esc cancel  │        "
"                            │       └──────────────────────────────────────────────────────┘        "
"                            │                                                                       "
"                            │                                                                       "
"                            │                                                                       "
"                            │                                                                       "
"                            │                                                                       "
"                            │                                                                       "
"                                                                                                    "
