---
source: src/ui/render_tests.rs
expression: draw(&a).backend()
---
" PROJECTS                   │                                                                       "
"▐▾ api                      │                                                                       "
"   ◉ fix-login              │                                                                       "
"   ◆ rate-limit             │                                                                       "
"   ○ docs-update            │                                                                       "
" ▾ lisa                     │       ┌ New worktree in api · staccato ──────────────────────┐        "
"   no worktrees · n         │       │  Jev timed out · choosing manually                   │        "
" ▾ web                      │       │  task is not sent to opencode                        │        "
"   ✔ new-checkout           │       │                                                      │        "
"                            │       │› Agent   ○ claude                                    │        "
"                            │       │          ● opencode  no full autonomy                │        "
"                            │       │          ○ gemini  not installed                     │        "
"                            │       │                                                      │        "
"                            │       │  Mode    (•) normal   ( ) full autonomy              │        "
"                            │       │                                                      │        "
"                            │       │  ⏎ create · tab next field · ←→ change · esc cancel  │        "
"                            │       └──────────────────────────────────────────────────────┘        "
"                            │                                                                       "
"                            │                                                                       "
"                            │                                                                       "
"                            │                                                                       "
"                            │                                                                       "
"                            │                                                                       "
"                                                                                                    "
