---
source: src/ui/render_tests.rs
expression: draw(&a).backend()
---
" PROJECTS                   │                                                                       "
"▐▾ api                      │                                                                       "
"   ◉ fix-login              │                                                                       "
"   ◆ rate-limit             │                                                                       "
"   ○ docs-update            │                                                                       "
" ▾ lisa                     │                                                                       "
"   no worktrees · n         │                                                                       "
" ▾ web                      │                                                                       "
"   ✔ new-checkout           │                                                                       "
"                            │       ┌ New worktree in api ─────────────────────────────────┐        "
"                            │       │› Task    segunda linha: validar também o fluxo de    │        "
"                            │       │          reenvio e a paginação da listagem de        │        "
"                            │       │          pedidos▏                                    │        "
"                            │       │                                                      │        "
"                            │       │  ⏎ continue · esc cancel                             │        "
"                            │       └──────────────────────────────────────────────────────┘        "
"                            │                                                                       "
"                            │                                                                       "
"                            │                                                                       "
"                            │                                                                       "
"                            │                                                                       "
"                            │                                                                       "
"                            │                                                                       "
"                            │                                                                       "
"                            │                                                                       "
"                                                                                                    "
